.\gradlew : 
At line:1 char:1
+ .\gradlew app:assembleDebug 
> build_output.txt 2>&1
+ ~~~~~~~~~~~~~~~~~~~~~~~~~~~~
~~~~~~~~~~~~~~~~~~~~~~~
    + CategoryInfo            
  : NotSpecifi    ed: 
(:String) [],     
RemoteException
    + FullyQualifiedEr    
rorId : NativeComm    andError
 
FAILURE: Build failed with an 
exception.

* What went wrong:
Could not determine the 
dependencies of task ':app:com
pileDebugJavaWithJavac'.
> SDK location not found. 
Define a valid SDK location 
with an ANDROID_HOME 
environment variable or by 
setting the sdk.dir path in 
your project's local 
properties file at 'C:\Users\S
atria\SatriaLauncher\local.pro
perties'.

* Try:
> Run with --stacktrace 
option to get the stack trace.
> Run with --info or --debug 
option to get more log output.
> Run with --scan to get full 
insights.
> Get more help at 
https://help.gradle.org.

BUILD FAILED in 4s
